// Jest Snapshot v1, https://goo.gl/fbAQLP

exports[`<App /> should render the initial state of the game board with difficulty selector and start notification 1`] = `
<DocumentFragment>
  <div>
    <div
      class="container"
      id="main-container"
    >
      <section
        class="container"
      >
        <select
          title="Difficulty selector"
        >
          <option
            value="Easy"
          >
            Easy
          </option>
          <option
            value="Impossible"
          >
            Impossible
          </option>
        </select>
      </section>
      <h1
        class="heading"
      >
        Tic Tac Toe
      </h1>
      <section
        class="container"
      >
        <div
          class="active"
          data-testid="score-for-player-cross"
        >
          <span
            class="mark"
          >
            <div
              class="container"
            >
              <svg
                class="svg"
                data-testid="cross-mark"
                preserveAspectRatio="xMinYMin meet"
                version="1.1"
                viewBox="0 0 500 500"
              >
                <line
                  stroke="#444444"
                  stroke-width="50"
                  x1="130"
                  x2="130"
                  y1="130"
                  y2="130"
                >
                  <animate
                    attributeName="x2"
                    attributeType="XML"
                    dur="1ms"
                    fill="freeze"
                    from="130"
                    id="first"
                    repeatCount="1"
                    to="370"
                  />
                  <animate
                    attributeName="y2"
                    attributeType="XML"
                    dur="1ms"
                    fill="freeze"
                    from="130"
                    repeatCount="1"
                    to="370"
                  />
                </line>
                <line
                  opacity="0"
                  stroke="#444444"
                  stroke-width="50"
                  x1="370"
                  x2="370"
                  y1="130"
                  y2="130"
                >
                  <animate
                    attributeName="opacity"
                    attributeType="XML"
                    begin="0s"
                    dur="1ms"
                    fill="freeze"
                    from="0"
                    repeatCount="1"
                    to="1"
                  />
                  <animate
                    attributeName="x2"
                    attributeType="XML"
                    begin="0s"
                    dur="1ms"
                    fill="freeze"
                    from="370"
                    repeatCount="1"
                    to="130"
                  />
                  <animate
                    attributeName="y2"
                    attributeType="XML"
                    begin="0s"
                    dur="1ms"
                    fill="freeze"
                    from="130"
                    repeatCount="1"
                    to="370"
                  />
                </line>
              </svg>
            </div>
          </span>
          <span
            aria-live="polite"
            class="score"
            title="Player cross has 0 points"
          >
            —
          </span>
        </div>
        <div
          class="container"
          data-testid="score-for-player-circle"
        >
          <span
            class="mark"
          >
            <div
              class="container"
            >
              <svg
                class="svg"
                data-testid="circle-mark"
                preserveAspectRatio="xMinYMin meet"
                version="1.1"
                viewBox="0 0 500 500"
              >
                <circle
                  cx="250"
                  cy="250"
                  fill="transparent"
                  r="125"
                  stroke="#444444"
                  stroke-dasharray="800"
                  stroke-dashoffset="-800"
                  stroke-width="45"
                >
                  <animate
                    attributeName="stroke-dashoffset"
                    attributeType="XML"
                    dur="1ms"
                    fill="freeze"
                    from="-800"
                    repeatCount="1"
                    to="0"
                  />
                </circle>
              </svg>
            </div>
          </span>
          <span
            aria-live="polite"
            class="score"
            title="Player circle has 0 points"
          >
            —
          </span>
        </div>
      </section>
      <h2
        class="container"
      >
        <span
          aria-live="polite"
          title="Player cross can start the game by selecting any empty space"
        >
          Start the game by selecting any empty space
        </span>
      </h2>
      <section
        class="board"
      >
        <div
          class="innerContainer"
        >
          <section
            class="container"
          >
            <button
              class="space top left"
              title="Top left empty space"
            />
            <button
              class="space top center"
              title="Top center empty space"
            />
            <button
              class="space top right"
              title="Top right empty space"
            />
            <button
              class="space left middle"
              title="Left middle empty space"
            />
            <button
              class="space center middle"
              title="Center middle empty space"
            />
            <button
              class="space right middle"
              title="Right middle empty space"
            />
            <button
              class="space bottom left"
              title="Bottom left empty space"
            />
            <button
              class="space bottom center"
              title="Bottom center empty space"
            />
            <button
              class="space bottom right"
              title="Bottom right empty space"
            />
          </section>
        </div>
      </section>
      <div
        class="container"
      >
        <button
          class="button"
          disabled=""
        >
          Reset
        </button>
      </div>
      <p
        class="version"
        title="App version"
      >
        v1.0.1
      </p>
    </div>
  </div>
</DocumentFragment>
`;
